// Jest Snapshot v1, https://goo.gl/fbAQLP

exports[`renders the Display panel 1`] = `
Object {
  "asFragment": [Function],
  "baseElement": <body>
    <div>
      <div
        class="editor"
      >
        <div
          class="selectors"
        >
          <label>
            Light
            <select
              id="light"
            >
              <option
                value="light-redd"
              >
                Red
              </option>
              <option
                value="light-orange"
              >
                Orange
              </option>
              <option
                value="light-yellow"
              >
                Yellow
              </option>
              <option
                value="light-green"
              >
                Green
              </option>
              <option
                value="light-blue"
              >
                Blue
              </option>
              <option
                value="light-indigo"
              >
                Indigo
              </option>
              <option
                value="light-violet"
              >
                Violet
              </option>
            </select>
          </label>
          <label>
            Middle
            <select>
              <option
                value="mid-redd"
              >
                Red
              </option>
              <option
                value="mid-orange"
              >
                Orange
              </option>
              <option
                value="mid-yellow"
              >
                Yellow
              </option>
              <option
                value="mid-green"
              >
                Green
              </option>
              <option
                value="mid-blue"
              >
                Blue
              </option>
              <option
                value="mid-indigo"
              >
                Indigo
              </option>
              <option
                value="mid-violet"
              >
                Violet
              </option>
            </select>
          </label>
          <label>
            Dark
            <select>
              <option
                value="dark-redd"
              >
                Red
              </option>
              <option
                value="dark-orange"
              >
                Orange
              </option>
              <option
                value="dark-yellow"
              >
                Yellow
              </option>
              <option
                value="dark-green"
              >
                Green
              </option>
              <option
                value="dark-blue"
              >
                Blue
              </option>
              <option
                value="dark-indigo"
              >
                Indigo
              </option>
              <option
                value="dark-violet"
              >
                Violet
              </option>
            </select>
          </label>
        </div>
        <div
          class="selectors"
        >
          <label>
            Describe the picture
            <input
              type="text"
              value=""
            />
          </label>
          <button>
            Add description
          </button>
        </div>
      </div>
    </div>
  </body>,
  "container": <div>
    <div
      class="editor"
    >
      <div
        class="selectors"
      >
        <label>
          Light
          <select
            id="light"
          >
            <option
              value="light-redd"
            >
              Red
            </option>
            <option
              value="light-orange"
            >
              Orange
            </option>
            <option
              value="light-yellow"
            >
              Yellow
            </option>
            <option
              value="light-green"
            >
              Green
            </option>
            <option
              value="light-blue"
            >
              Blue
            </option>
            <option
              value="light-indigo"
            >
              Indigo
            </option>
            <option
              value="light-violet"
            >
              Violet
            </option>
          </select>
        </label>
        <label>
          Middle
          <select>
            <option
              value="mid-redd"
            >
              Red
            </option>
            <option
              value="mid-orange"
            >
              Orange
            </option>
            <option
              value="mid-yellow"
            >
              Yellow
            </option>
            <option
              value="mid-green"
            >
              Green
            </option>
            <option
              value="mid-blue"
            >
              Blue
            </option>
            <option
              value="mid-indigo"
            >
              Indigo
            </option>
            <option
              value="mid-violet"
            >
              Violet
            </option>
          </select>
        </label>
        <label>
          Dark
          <select>
            <option
              value="dark-redd"
            >
              Red
            </option>
            <option
              value="dark-orange"
            >
              Orange
            </option>
            <option
              value="dark-yellow"
            >
              Yellow
            </option>
            <option
              value="dark-green"
            >
              Green
            </option>
            <option
              value="dark-blue"
            >
              Blue
            </option>
            <option
              value="dark-indigo"
            >
              Indigo
            </option>
            <option
              value="dark-violet"
            >
              Violet
            </option>
          </select>
        </label>
      </div>
      <div
        class="selectors"
      >
        <label>
          Describe the picture
          <input
            type="text"
            value=""
          />
        </label>
        <button>
          Add description
        </button>
      </div>
    </div>
  </div>,
  "debug": [Function],
  "findAllByAltText": [Function],
  "findAllByDisplayValue": [Function],
  "findAllByLabelText": [Function],
  "findAllByPlaceholderText": [Function],
  "findAllByRole": [Function],
  "findAllByTestId": [Function],
  "findAllByText": [Function],
  "findAllByTitle": [Function],
  "findByAltText": [Function],
  "findByDisplayValue": [Function],
  "findByLabelText": [Function],
  "findByPlaceholderText": [Function],
  "findByRole": [Function],
  "findByTestId": [Function],
  "findByText": [Function],
  "findByTitle": [Function],
  "getAllByAltText": [Function],
  "getAllByDisplayValue": [Function],
  "getAllByLabelText": [Function],
  "getAllByPlaceholderText": [Function],
  "getAllByRole": [Function],
  "getAllByTestId": [Function],
  "getAllByText": [Function],
  "getAllByTitle": [Function],
  "getByAltText": [Function],
  "getByDisplayValue": [Function],
  "getByLabelText": [Function],
  "getByPlaceholderText": [Function],
  "getByRole": [Function],
  "getByTestId": [Function],
  "getByText": [Function],
  "getByTitle": [Function],
  "queryAllByAltText": [Function],
  "queryAllByDisplayValue": [Function],
  "queryAllByLabelText": [Function],
  "queryAllByPlaceholderText": [Function],
  "queryAllByRole": [Function],
  "queryAllByTestId": [Function],
  "queryAllByText": [Function],
  "queryAllByTitle": [Function],
  "queryByAltText": [Function],
  "queryByDisplayValue": [Function],
  "queryByLabelText": [Function],
  "queryByPlaceholderText": [Function],
  "queryByRole": [Function],
  "queryByTestId": [Function],
  "queryByText": [Function],
  "queryByTitle": [Function],
  "rerender": [Function],
  "unmount": [Function],
}
`;
